// Jest Snapshot v1, https://goo.gl/fbAQLP

exports[`<App /> should renders correctly 1`] = `
<View
  style={
    Object {
      "alignItems": "center",
      "backgroundColor": "#fff",
      "flex": 1,
      "justifyContent": "center",
    }
  }
>
  <Text>
    Ola do seu amigo beRich!
  </Text>
</View>
`;
